arielle allein:      Verstöße 44 Kreuzungen 48 Knicke 325
arielle + kanonisch: Verstöße 46 Kreuzungen 47 Knicke 331
| Fixture | Verstöße | Kreuzungen | Knicke | neu | weg |
|---|---|---|---|---|---|
| ref3 | 1 → 1 | 0 → 0 | 5 → 6 | – | – |
| hund | 1 → 1 | 0 → 0 | 6 → 6 | – | – |
| mehrere | 0 → 0 | 0 → 0 | 2 → 2 | – | – |
| zwei | 0 → 0 | 0 → 0 | 4 → 4 | – | – |
| mitte | 1 → 1 | 0 → 0 | 3 → 3 | – | – |
| ereignis | 0 → 0 | 0 → 0 | 1 → 1 | – | – |
| demo2 | 0 → 0 | 0 → 0 | 1 → 1 | – | – |
| reparatur | 0 → 0 | 0 → 0 | 2 → 2 | – | – |
| demo5 | 0 → 0 | 0 → 0 | 2 → 2 | – | – |
| demo6 | 0 → 1 | 0 → 0 | 3 → 8 | node-outside-lane N_Ende N_Magazin | – |
| hund2 | 6 → 6 | 2 → 2 | 24 → 24 | – | – |
| r01 | 0 → 0 | 1 → 1 | 8 → 8 | – | – |
| r03 | 1 → 1 | 2 → 2 | 6 → 6 | – | – |
| r04 | 1 → 0 | 0 → 0 | 4 → 4 | – | label-on-flow i1 F5_i2_i1 |
| r05 | 2 → 2 | 0 → 0 | 7 → 7 | – | – |
| r06 | 0 → 0 | 0 → 0 | 4 → 4 | – | – |
| r09 | 0 → 0 | 4 → 4 | 6 → 6 | – | – |
| r10 | 0 → 0 | 0 → 0 | 6 → 6 | – | – |
| r11 | 0 → 0 | 0 → 0 | 4 → 4 | – | – |
| r13 | 0 → 0 | 0 → 0 | 4 → 4 | – | – |
| r14 | 0 → 0 | 0 → 0 | 7 → 7 | – | – |
| r15 | 2 → 3 | 2 → 1 | 13 → 12 | label-on-node F11_b4_b2 b4; on-one-line-shared F12_gb_c1 F7_gb_b1; on-one-line-shared F8_gb_b2 F9_gb_b3 | label-on-node F10_b3_b1 b3; on-one-line-shared F7_gb_b1 F9_gb_b3 |
| r16 | 1 → 1 | 0 → 0 | 7 → 7 | – | – |
| r17 | 2 → 2 | 2 → 2 | 8 → 8 | – | – |
| r18 | 0 → 1 | 3 → 7 | 21 → 23 | on-one-line-foreign F21_m4_m2 F24_m5_m3 | – |
| r19 | 1 → 1 | 1 → 1 | 5 → 5 | – | – |
| r20 | 1 → 1 | 1 → 1 | 5 → 5 | – | – |
| r21 | 0 → 0 | 0 → 0 | 4 → 4 | – | – |
| r22 | 2 → 2 | 0 → 0 | 11 → 11 | – | – |
| pools-abo | 3 → 3 | 2 → 2 | 9 → 9 | – | – |
| pools-bestellung | 1 → 1 | 2 → 2 | 6 → 6 | – | – |
| pools-angebot | 0 → 0 | 0 → 0 | 0 → 0 | – | – |
| pools-bewerbung | 0 → 0 | 2 → 2 | 5 → 5 | – | – |
| pools-wasserschaden | 0 → 0 | 0 → 0 | 0 → 0 | – | – |
| blackbox-kredit | 0 → 0 | 1 → 1 | 2 → 2 | – | – |
| blackbox-reklamation | 1 → 1 | 1 → 1 | 5 → 5 | – | – |
| blackbox-werkstatt | 0 → 0 | 0 → 0 | 2 → 2 | – | – |
| demo-angeheftet | 0 → 0 | 0 → 0 | 6 → 6 | – | – |
| angeheftet-rechnung | 0 → 0 | 0 → 0 | 5 → 5 | – | – |
| angeheftet-antrag | 1 → 0 | 1 → 0 | 6 → 5 | – | node-outside-lane Gateway_Zusammen Lane_Sachbearbeitung |
| angeheftet-stoerung | 0 → 0 | 0 → 0 | 2 → 2 | – | – |
| demo-angeheftet-bahnen | 0 → 0 | 2 → 2 | 5 → 5 | – | – |
| notiz-morgen | 3 → 4 | 0 → 0 | 5 → 5 | note-on-note Notiz_Kreuzung Notiz_Taktung | – |
| notiz-pool | 0 → 0 | 1 → 1 | 0 → 0 | – | – |
| notiz-r12 | 2 → 2 | 3 → 2 | 5 → 5 | – | – |
| demo-notizen | 0 → 0 | 1 → 1 | 4 → 4 | – | – |
| notiz-hund2 | 6 → 6 | 4 → 4 | 35 → 35 | – | – |
| notiz-bauantrag | 4 → 4 | 10 → 8 | 20 → 20 | – | – |

real	0m14.208s
user	0m19.841s
sys	0m0.490s
